Archive member included to satisfy reference by file (symbol)

/usr/lib/gcc/avr/4.9.2/avr4/libgcc.a(_exit.o)
                              /usr/lib/gcc/avr/4.9.2/../../../avr/lib/avr4/crtatmega8.o (exit)
/usr/lib/gcc/avr/4.9.2/avr4/libgcc.a(_copy_data.o)
                              obj/Release/main.o (__do_copy_data)
/usr/lib/gcc/avr/4.9.2/avr4/libgcc.a(_clear_bss.o)
                              obj/Release/main.o (__do_clear_bss)
/usr/lib/gcc/avr/4.9.2/../../../avr/lib/avr4/libm.a(addsf3.o)
                              obj/Release/main.o (__subsf3)
/usr/lib/gcc/avr/4.9.2/../../../avr/lib/avr4/libm.a(addsf3x.o)
                              /usr/lib/gcc/avr/4.9.2/../../../avr/lib/avr4/libm.a(addsf3.o) (__addsf3x)
/usr/lib/gcc/avr/4.9.2/../../../avr/lib/avr4/libm.a(divsf3.o)
                              obj/Release/main.o (__divsf3)
/usr/lib/gcc/avr/4.9.2/../../../avr/lib/avr4/libm.a(divsf3x.o)
                              /usr/lib/gcc/avr/4.9.2/../../../avr/lib/avr4/libm.a(divsf3.o) (__divsf3x)
/usr/lib/gcc/avr/4.9.2/../../../avr/lib/avr4/libm.a(fp_inf.o)
                              /usr/lib/gcc/avr/4.9.2/../../../avr/lib/avr4/libm.a(addsf3x.o) (__fp_inf)
/usr/lib/gcc/avr/4.9.2/../../../avr/lib/avr4/libm.a(fp_nan.o)
                              /usr/lib/gcc/avr/4.9.2/../../../avr/lib/avr4/libm.a(addsf3x.o) (__fp_nan)
/usr/lib/gcc/avr/4.9.2/../../../avr/lib/avr4/libm.a(fp_pscA.o)
                              /usr/lib/gcc/avr/4.9.2/../../../avr/lib/avr4/libm.a(addsf3x.o) (__fp_pscA)
/usr/lib/gcc/avr/4.9.2/../../../avr/lib/avr4/libm.a(fp_pscB.o)
                              /usr/lib/gcc/avr/4.9.2/../../../avr/lib/avr4/libm.a(addsf3x.o) (__fp_pscB)
/usr/lib/gcc/avr/4.9.2/../../../avr/lib/avr4/libm.a(fp_round.o)
                              /usr/lib/gcc/avr/4.9.2/../../../avr/lib/avr4/libm.a(addsf3.o) (__fp_round)
/usr/lib/gcc/avr/4.9.2/../../../avr/lib/avr4/libm.a(fp_split3.o)
                              /usr/lib/gcc/avr/4.9.2/../../../avr/lib/avr4/libm.a(addsf3x.o) (__fp_split3)
/usr/lib/gcc/avr/4.9.2/../../../avr/lib/avr4/libm.a(fp_zero.o)
                              /usr/lib/gcc/avr/4.9.2/../../../avr/lib/avr4/libm.a(addsf3x.o) (__fp_zero)
/usr/lib/gcc/avr/4.9.2/../../../avr/lib/avr4/libm.a(mulsf3.o)
                              obj/Release/main.o (__mulsf3)
/usr/lib/gcc/avr/4.9.2/../../../avr/lib/avr4/libm.a(mulsf3x.o)
                              /usr/lib/gcc/avr/4.9.2/../../../avr/lib/avr4/libm.a(mulsf3.o) (__mulsf3x)
/usr/lib/gcc/avr/4.9.2/../../../avr/lib/avr4/libc.a(atof.o)
                              obj/Release/main.o (atof)
/usr/lib/gcc/avr/4.9.2/../../../avr/lib/avr4/libc.a(strtod.o)
                              /usr/lib/gcc/avr/4.9.2/../../../avr/lib/avr4/libc.a(atof.o) (strtod)
/usr/lib/gcc/avr/4.9.2/../../../avr/lib/avr4/libc.a(isspace.o)
                              /usr/lib/gcc/avr/4.9.2/../../../avr/lib/avr4/libc.a(strtod.o) (isspace)
/usr/lib/gcc/avr/4.9.2/../../../avr/lib/avr4/libc.a(strncasecmp_P.o)
                              /usr/lib/gcc/avr/4.9.2/../../../avr/lib/avr4/libc.a(strtod.o) (strncasecmp_P)
/usr/lib/gcc/avr/4.9.2/../../../avr/lib/avr4/libc.a(cmpsf2.o)
                              /usr/lib/gcc/avr/4.9.2/../../../avr/lib/avr4/libc.a(strtod.o) (__eqsf2)
/usr/lib/gcc/avr/4.9.2/../../../avr/lib/avr4/libc.a(floatsisf.o)
                              /usr/lib/gcc/avr/4.9.2/../../../avr/lib/avr4/libc.a(strtod.o) (__floatunsisf)
/usr/lib/gcc/avr/4.9.2/../../../avr/lib/avr4/libc.a(fp_cmp.o)
                              /usr/lib/gcc/avr/4.9.2/../../../avr/lib/avr4/libc.a(cmpsf2.o) (__fp_cmp)
/usr/lib/gcc/avr/4.9.2/../../../avr/lib/avr4/libc.a(errno.o)
                              /usr/lib/gcc/avr/4.9.2/../../../avr/lib/avr4/libc.a(strtod.o) (errno)
/usr/lib/gcc/avr/4.9.2/../../../avr/lib/avr4/libc.a(cty_isfalse.o)
                              /usr/lib/gcc/avr/4.9.2/../../../avr/lib/avr4/libc.a(isspace.o) (__ctype_isfalse)
/usr/lib/gcc/avr/4.9.2/avr4/libgcc.a(_muluhisi3.o)
                              /usr/lib/gcc/avr/4.9.2/../../../avr/lib/avr4/libc.a(strtod.o) (__muluhisi3)
/usr/lib/gcc/avr/4.9.2/avr4/libgcc.a(_prologue.o)
                              /usr/lib/gcc/avr/4.9.2/../../../avr/lib/avr4/libc.a(strtod.o) (__prologue_saves__)
/usr/lib/gcc/avr/4.9.2/avr4/libgcc.a(_epilogue.o)
                              /usr/lib/gcc/avr/4.9.2/../../../avr/lib/avr4/libc.a(strtod.o) (__epilogue_restores__)
/usr/lib/gcc/avr/4.9.2/avr4/libgcc.a(_umulhisi3.o)
                              /usr/lib/gcc/avr/4.9.2/avr4/libgcc.a(_muluhisi3.o) (__umulhisi3)

Allocating common symbols
Common symbol       size              file

errno               0x2               /usr/lib/gcc/avr/4.9.2/../../../avr/lib/avr4/libc.a(errno.o)
lastCmd             0x1               obj/Release/main.o
mem                 0x69              obj/Release/main.o

Memory Configuration

Name             Origin             Length             Attributes
text             0x0000000000000000 0x0000000000002000 xr
data             0x0000000000800060 0x000000000000ffa0 rw !x
eeprom           0x0000000000810000 0x0000000000010000 rw !x
fuse             0x0000000000820000 0x0000000000000400 rw !x
lock             0x0000000000830000 0x0000000000000400 rw !x
signature        0x0000000000840000 0x0000000000000400 rw !x
user_signatures  0x0000000000850000 0x0000000000000400 rw !x
*default*        0x0000000000000000 0xffffffffffffffff

Linker script and memory map

LOAD /usr/lib/gcc/avr/4.9.2/../../../avr/lib/avr4/crtatmega8.o
LOAD obj/Release/fuse.o
LOAD obj/Release/main.o
LOAD /usr/lib/gcc/avr/4.9.2/avr4/libgcc.a
LOAD /usr/lib/gcc/avr/4.9.2/../../../avr/lib/avr4/libm.a
START GROUP
LOAD /usr/lib/gcc/avr/4.9.2/avr4/libgcc.a
LOAD /usr/lib/gcc/avr/4.9.2/../../../avr/lib/avr4/libm.a
LOAD /usr/lib/gcc/avr/4.9.2/../../../avr/lib/avr4/libc.a
LOAD /usr/lib/gcc/avr/4.9.2/../../../avr/lib/avr4/libatmega8.a
END GROUP
                0x0000000000002000                __TEXT_REGION_LENGTH__ = DEFINED (__TEXT_REGION_LENGTH__)?__TEXT_REGION_LENGTH__:0x2000
                0x000000000000ffa0                __DATA_REGION_LENGTH__ = DEFINED (__DATA_REGION_LENGTH__)?__DATA_REGION_LENGTH__:0xffa0
                0x0000000000010000                __EEPROM_REGION_LENGTH__ = DEFINED (__EEPROM_REGION_LENGTH__)?__EEPROM_REGION_LENGTH__:0x10000
                0x0000000000000400                __FUSE_REGION_LENGTH__ = DEFINED (__FUSE_REGION_LENGTH__)?__FUSE_REGION_LENGTH__:0x400
                0x0000000000000400                __LOCK_REGION_LENGTH__ = DEFINED (__LOCK_REGION_LENGTH__)?__LOCK_REGION_LENGTH__:0x400
                0x0000000000000400                __SIGNATURE_REGION_LENGTH__ = DEFINED (__SIGNATURE_REGION_LENGTH__)?__SIGNATURE_REGION_LENGTH__:0x400
                0x0000000000000400                __USER_SIGNATURE_REGION_LENGTH__ = DEFINED (__USER_SIGNATURE_REGION_LENGTH__)?__USER_SIGNATURE_REGION_LENGTH__:0x400

.hash
 *(.hash)

.dynsym
 *(.dynsym)

.dynstr
 *(.dynstr)

.gnu.version
 *(.gnu.version)

.gnu.version_d
 *(.gnu.version_d)

.gnu.version_r
 *(.gnu.version_r)

.rel.init
 *(.rel.init)

.rela.init
 *(.rela.init)

.rel.text
 *(.rel.text)
 *(.rel.text.*)
 *(.rel.gnu.linkonce.t*)

.rela.text
 *(.rela.text)
 *(.rela.text.*)
 *(.rela.gnu.linkonce.t*)

.rel.fini
 *(.rel.fini)

.rela.fini
 *(.rela.fini)

.rel.rodata
 *(.rel.rodata)
 *(.rel.rodata.*)
 *(.rel.gnu.linkonce.r*)

.rela.rodata
 *(.rela.rodata)
 *(.rela.rodata.*)
 *(.rela.gnu.linkonce.r*)

.rel.data
 *(.rel.data)
 *(.rel.data.*)
 *(.rel.gnu.linkonce.d*)

.rela.data
 *(.rela.data)
 *(.rela.data.*)
 *(.rela.gnu.linkonce.d*)

.rel.ctors
 *(.rel.ctors)

.rela.ctors
 *(.rela.ctors)

.rel.dtors
 *(.rel.dtors)

.rela.dtors
 *(.rela.dtors)

.rel.got
 *(.rel.got)

.rela.got
 *(.rela.got)

.rel.bss
 *(.rel.bss)

.rela.bss
 *(.rela.bss)

.rel.plt
 *(.rel.plt)

.rela.plt
 *(.rela.plt)

.text           0x0000000000000000      0xccc
 *(.vectors)
 .vectors       0x0000000000000000       0x26 /usr/lib/gcc/avr/4.9.2/../../../avr/lib/avr4/crtatmega8.o
                0x0000000000000000                __vectors
                0x0000000000000000                __vector_default
 *(.vectors)
 *(.progmem.gcc*)
                0x0000000000000026                . = ALIGN (0x2)
                0x0000000000000026                __trampolines_start = .
 *(.trampolines)
 .trampolines   0x0000000000000026        0x0 linker stubs
 *(.trampolines*)
                0x0000000000000026                __trampolines_end = .
 *libprintf_flt.a:*(.progmem.data)
 *libc.a:*(.progmem.data)
 .progmem.data  0x0000000000000026       0x3b /usr/lib/gcc/avr/4.9.2/../../../avr/lib/avr4/libc.a(strtod.o)
 *(.progmem*)
                0x0000000000000062                . = ALIGN (0x2)
 *fill*         0x0000000000000061        0x1 
 *(.jumptables)
 *(.jumptables*)
 *(.lowtext)
 *(.lowtext*)
                0x0000000000000062                __ctors_start = .
 *(.ctors)
                0x0000000000000062                __ctors_end = .
                0x0000000000000062                __dtors_start = .
 *(.dtors)
                0x0000000000000062                __dtors_end = .
 SORT(*)(.ctors)
 SORT(*)(.dtors)
 *(.init0)
 .init0         0x0000000000000062        0x0 /usr/lib/gcc/avr/4.9.2/../../../avr/lib/avr4/crtatmega8.o
                0x0000000000000062                __init
 *(.init0)
 *(.init1)
 *(.init1)
 *(.init2)
 .init2         0x0000000000000062        0xc /usr/lib/gcc/avr/4.9.2/../../../avr/lib/avr4/crtatmega8.o
 *(.init2)
 *(.init3)
 *(.init3)
 *(.init4)
 .init4         0x000000000000006e       0x16 /usr/lib/gcc/avr/4.9.2/avr4/libgcc.a(_copy_data.o)
                0x000000000000006e                __do_copy_data
 .init4         0x0000000000000084       0x10 /usr/lib/gcc/avr/4.9.2/avr4/libgcc.a(_clear_bss.o)
                0x0000000000000084                __do_clear_bss
 *(.init4)
 *(.init5)
 *(.init5)
 *(.init6)
 *(.init6)
 *(.init7)
 *(.init7)
 *(.init8)
 *(.init8)
 *(.init9)
 .init9         0x0000000000000094        0x4 /usr/lib/gcc/avr/4.9.2/../../../avr/lib/avr4/crtatmega8.o
 *(.init9)
 *(.text)
 .text          0x0000000000000098        0x2 /usr/lib/gcc/avr/4.9.2/../../../avr/lib/avr4/crtatmega8.o
                0x0000000000000098                __vector_1
                0x0000000000000098                __vector_12
                0x0000000000000098                __bad_interrupt
                0x0000000000000098                __vector_3
                0x0000000000000098                __vector_11
                0x0000000000000098                __vector_13
                0x0000000000000098                __vector_17
                0x0000000000000098                __vector_7
                0x0000000000000098                __vector_5
                0x0000000000000098                __vector_4
                0x0000000000000098                __vector_9
                0x0000000000000098                __vector_2
                0x0000000000000098                __vector_15
                0x0000000000000098                __vector_8
                0x0000000000000098                __vector_14
                0x0000000000000098                __vector_10
                0x0000000000000098                __vector_16
                0x0000000000000098                __vector_18
 .text          0x000000000000009a        0x0 obj/Release/fuse.o
 .text          0x000000000000009a      0x4d2 obj/Release/main.o
                0x000000000000009a                writeSerial
                0x00000000000000c2                sPush
                0x0000000000000134                sCycle
                0x00000000000001c6                sOp
                0x00000000000002ea                addDigitToX
                0x000000000000033a                setup
                0x0000000000000384                kb_scan
                0x0000000000000480                __vector_6
                0x00000000000004c6                storeOne
                0x00000000000004e2                execOne
                0x0000000000000512                runner
                0x0000000000000532                serialShowStatus
                0x0000000000000534                show
                0x0000000000000536                loop
 .text          0x000000000000056c        0x0 /usr/lib/gcc/avr/4.9.2/avr4/libgcc.a(_exit.o)
 .text          0x000000000000056c        0x0 /usr/lib/gcc/avr/4.9.2/avr4/libgcc.a(_copy_data.o)
 .text          0x000000000000056c        0x0 /usr/lib/gcc/avr/4.9.2/avr4/libgcc.a(_clear_bss.o)
 .text          0x000000000000056c        0x0 /usr/lib/gcc/avr/4.9.2/../../../avr/lib/avr4/libm.a(addsf3.o)
 .text          0x000000000000056c        0x0 /usr/lib/gcc/avr/4.9.2/../../../avr/lib/avr4/libm.a(addsf3x.o)
 .text          0x000000000000056c        0x0 /usr/lib/gcc/avr/4.9.2/../../../avr/lib/avr4/libm.a(divsf3.o)
 .text          0x000000000000056c        0x0 /usr/lib/gcc/avr/4.9.2/../../../avr/lib/avr4/libm.a(divsf3x.o)
 .text          0x000000000000056c        0x0 /usr/lib/gcc/avr/4.9.2/../../../avr/lib/avr4/libm.a(fp_inf.o)
 .text          0x000000000000056c        0x0 /usr/lib/gcc/avr/4.9.2/../../../avr/lib/avr4/libm.a(fp_nan.o)
 .text          0x000000000000056c        0x0 /usr/lib/gcc/avr/4.9.2/../../../avr/lib/avr4/libm.a(fp_pscA.o)
 .text          0x000000000000056c        0x0 /usr/lib/gcc/avr/4.9.2/../../../avr/lib/avr4/libm.a(fp_pscB.o)
 .text          0x000000000000056c        0x0 /usr/lib/gcc/avr/4.9.2/../../../avr/lib/avr4/libm.a(fp_round.o)
 .text          0x000000000000056c        0x0 /usr/lib/gcc/avr/4.9.2/../../../avr/lib/avr4/libm.a(fp_split3.o)
 .text          0x000000000000056c        0x0 /usr/lib/gcc/avr/4.9.2/../../../avr/lib/avr4/libm.a(fp_zero.o)
 .text          0x000000000000056c        0x0 /usr/lib/gcc/avr/4.9.2/../../../avr/lib/avr4/libm.a(mulsf3.o)
 .text          0x000000000000056c        0x0 /usr/lib/gcc/avr/4.9.2/../../../avr/lib/avr4/libm.a(mulsf3x.o)
 .text          0x000000000000056c        0x0 /usr/lib/gcc/avr/4.9.2/../../../avr/lib/avr4/libc.a(atof.o)
 .text          0x000000000000056c        0x0 /usr/lib/gcc/avr/4.9.2/../../../avr/lib/avr4/libc.a(strtod.o)
 .text          0x000000000000056c        0x0 /usr/lib/gcc/avr/4.9.2/../../../avr/lib/avr4/libc.a(isspace.o)
 .text          0x000000000000056c        0x0 /usr/lib/gcc/avr/4.9.2/../../../avr/lib/avr4/libc.a(strncasecmp_P.o)
 .text          0x000000000000056c        0x0 /usr/lib/gcc/avr/4.9.2/../../../avr/lib/avr4/libc.a(cmpsf2.o)
 .text          0x000000000000056c        0x0 /usr/lib/gcc/avr/4.9.2/../../../avr/lib/avr4/libc.a(floatsisf.o)
 .text          0x000000000000056c        0x0 /usr/lib/gcc/avr/4.9.2/../../../avr/lib/avr4/libc.a(fp_cmp.o)
 .text          0x000000000000056c        0x0 /usr/lib/gcc/avr/4.9.2/../../../avr/lib/avr4/libc.a(errno.o)
 .text          0x000000000000056c        0x0 /usr/lib/gcc/avr/4.9.2/../../../avr/lib/avr4/libc.a(cty_isfalse.o)
 .text          0x000000000000056c        0x0 /usr/lib/gcc/avr/4.9.2/avr4/libgcc.a(_muluhisi3.o)
 .text          0x000000000000056c        0x0 /usr/lib/gcc/avr/4.9.2/avr4/libgcc.a(_prologue.o)
 .text          0x000000000000056c        0x0 /usr/lib/gcc/avr/4.9.2/avr4/libgcc.a(_epilogue.o)
 .text          0x000000000000056c        0x0 /usr/lib/gcc/avr/4.9.2/avr4/libgcc.a(_umulhisi3.o)
                0x000000000000056c                . = ALIGN (0x2)
 *(.text.*)
 .text.startup  0x000000000000056c        0x6 obj/Release/main.o
                0x000000000000056c                main
 .text.libgcc.mul
                0x0000000000000572        0x0 /usr/lib/gcc/avr/4.9.2/avr4/libgcc.a(_exit.o)
 .text.libgcc.div
                0x0000000000000572        0x0 /usr/lib/gcc/avr/4.9.2/avr4/libgcc.a(_exit.o)
 .text.libgcc   0x0000000000000572        0x0 /usr/lib/gcc/avr/4.9.2/avr4/libgcc.a(_exit.o)
 .text.libgcc.prologue
                0x0000000000000572        0x0 /usr/lib/gcc/avr/4.9.2/avr4/libgcc.a(_exit.o)
 .text.libgcc.builtins
                0x0000000000000572        0x0 /usr/lib/gcc/avr/4.9.2/avr4/libgcc.a(_exit.o)
 .text.libgcc.fmul
                0x0000000000000572        0x0 /usr/lib/gcc/avr/4.9.2/avr4/libgcc.a(_exit.o)
 .text.libgcc.fixed
                0x0000000000000572        0x0 /usr/lib/gcc/avr/4.9.2/avr4/libgcc.a(_exit.o)
 .text.libgcc.mul
                0x0000000000000572        0x0 /usr/lib/gcc/avr/4.9.2/avr4/libgcc.a(_copy_data.o)
 .text.libgcc.div
                0x0000000000000572        0x0 /usr/lib/gcc/avr/4.9.2/avr4/libgcc.a(_copy_data.o)
 .text.libgcc   0x0000000000000572        0x0 /usr/lib/gcc/avr/4.9.2/avr4/libgcc.a(_copy_data.o)
 .text.libgcc.prologue
                0x0000000000000572        0x0 /usr/lib/gcc/avr/4.9.2/avr4/libgcc.a(_copy_data.o)
 .text.libgcc.builtins
                0x0000000000000572        0x0 /usr/lib/gcc/avr/4.9.2/avr4/libgcc.a(_copy_data.o)
 .text.libgcc.fmul
                0x0000000000000572        0x0 /usr/lib/gcc/avr/4.9.2/avr4/libgcc.a(_copy_data.o)
 .text.libgcc.fixed
                0x0000000000000572        0x0 /usr/lib/gcc/avr/4.9.2/avr4/libgcc.a(_copy_data.o)
 .text.libgcc.mul
                0x0000000000000572        0x0 /usr/lib/gcc/avr/4.9.2/avr4/libgcc.a(_clear_bss.o)
 .text.libgcc.div
                0x0000000000000572        0x0 /usr/lib/gcc/avr/4.9.2/avr4/libgcc.a(_clear_bss.o)
 .text.libgcc   0x0000000000000572        0x0 /usr/lib/gcc/avr/4.9.2/avr4/libgcc.a(_clear_bss.o)
 .text.libgcc.prologue
                0x0000000000000572        0x0 /usr/lib/gcc/avr/4.9.2/avr4/libgcc.a(_clear_bss.o)
 .text.libgcc.builtins
                0x0000000000000572        0x0 /usr/lib/gcc/avr/4.9.2/avr4/libgcc.a(_clear_bss.o)
 .text.libgcc.fmul
                0x0000000000000572        0x0 /usr/lib/gcc/avr/4.9.2/avr4/libgcc.a(_clear_bss.o)
 .text.libgcc.fixed
                0x0000000000000572        0x0 /usr/lib/gcc/avr/4.9.2/avr4/libgcc.a(_clear_bss.o)
 .text.avr-libc.fplib
                0x0000000000000572        0xa /usr/lib/gcc/avr/4.9.2/../../../avr/lib/avr4/libm.a(addsf3.o)
                0x0000000000000572                __subsf3
                0x0000000000000574                __addsf3
 .text.avr-libc.fplib
                0x000000000000057c       0xc0 /usr/lib/gcc/avr/4.9.2/../../../avr/lib/avr4/libm.a(addsf3x.o)
                0x0000000000000596                __addsf3x
 .text.avr-libc.fplib
                0x000000000000063c        0x4 /usr/lib/gcc/avr/4.9.2/../../../avr/lib/avr4/libm.a(divsf3.o)
                0x000000000000063c                __divsf3
 .text.avr-libc.fplib
                0x0000000000000640       0xcc /usr/lib/gcc/avr/4.9.2/../../../avr/lib/avr4/libm.a(divsf3x.o)
                0x0000000000000656                __divsf3x
                0x000000000000065a                __divsf3_pse
 .text.avr-libc.fplib
                0x000000000000070c        0xc /usr/lib/gcc/avr/4.9.2/../../../avr/lib/avr4/libm.a(fp_inf.o)
                0x000000000000070c                __fp_inf
 .text.avr-libc.fplib
                0x0000000000000718        0x6 /usr/lib/gcc/avr/4.9.2/../../../avr/lib/avr4/libm.a(fp_nan.o)
                0x0000000000000718                __fp_nan
 .text.avr-libc.fplib
                0x000000000000071e        0xe /usr/lib/gcc/avr/4.9.2/../../../avr/lib/avr4/libm.a(fp_pscA.o)
                0x000000000000071e                __fp_pscA
 .text.avr-libc.fplib
                0x000000000000072c        0xe /usr/lib/gcc/avr/4.9.2/../../../avr/lib/avr4/libm.a(fp_pscB.o)
                0x000000000000072c                __fp_pscB
 .text.avr-libc.fplib
                0x000000000000073a       0x22 /usr/lib/gcc/avr/4.9.2/../../../avr/lib/avr4/libm.a(fp_round.o)
                0x000000000000073a                __fp_round
 .text.avr-libc.fplib
                0x000000000000075c       0x44 /usr/lib/gcc/avr/4.9.2/../../../avr/lib/avr4/libm.a(fp_split3.o)
                0x000000000000075c                __fp_split3
                0x000000000000076c                __fp_splitA
 .text.avr-libc.fplib
                0x00000000000007a0        0xe /usr/lib/gcc/avr/4.9.2/../../../avr/lib/avr4/libm.a(fp_zero.o)
                0x00000000000007a0                __fp_zero
                0x00000000000007a2                __fp_szero
 .text.avr-libc.fplib
                0x00000000000007ae        0x4 /usr/lib/gcc/avr/4.9.2/../../../avr/lib/avr4/libm.a(mulsf3.o)
                0x00000000000007ae                __mulsf3
 .text.avr-libc.fplib
                0x00000000000007b2       0xc2 /usr/lib/gcc/avr/4.9.2/../../../avr/lib/avr4/libm.a(mulsf3x.o)
                0x00000000000007c6                __mulsf3x
                0x00000000000007ca                __mulsf3_pse
 .text.avr-libc
                0x0000000000000874        0x6 /usr/lib/gcc/avr/4.9.2/../../../avr/lib/avr4/libc.a(atof.o)
                0x0000000000000874                atof
 .text.avr-libc
                0x000000000000087a      0x2a4 /usr/lib/gcc/avr/4.9.2/../../../avr/lib/avr4/libc.a(strtod.o)
                0x000000000000087a                strtod
 .text.avr-libc
                0x0000000000000b1e       0x10 /usr/lib/gcc/avr/4.9.2/../../../avr/lib/avr4/libc.a(isspace.o)
                0x0000000000000b1e                isspace
 .text.avr-libc
                0x0000000000000b2e       0x30 /usr/lib/gcc/avr/4.9.2/../../../avr/lib/avr4/libc.a(strncasecmp_P.o)
                0x0000000000000b2e                strncasecmp_P
 .text.avr-libc.fplib
                0x0000000000000b5e        0x8 /usr/lib/gcc/avr/4.9.2/../../../avr/lib/avr4/libc.a(cmpsf2.o)
                0x0000000000000b5e                __lesf2
                0x0000000000000b5e                __nesf2
                0x0000000000000b5e                __eqsf2
                0x0000000000000b5e                __cmpsf2
                0x0000000000000b5e                __ltsf2
 .text.avr-libc.fplib
                0x0000000000000b66       0x7a /usr/lib/gcc/avr/4.9.2/../../../avr/lib/avr4/libc.a(floatsisf.o)
                0x0000000000000b66                __floatunsisf
                0x0000000000000b6a                __floatsisf
 .text.avr-libc.fplib
                0x0000000000000be0       0x48 /usr/lib/gcc/avr/4.9.2/../../../avr/lib/avr4/libc.a(fp_cmp.o)
                0x0000000000000be0                __fp_cmp
 .text.avr-libc
                0x0000000000000c28        0x6 /usr/lib/gcc/avr/4.9.2/../../../avr/lib/avr4/libc.a(cty_isfalse.o)
                0x0000000000000c28                __ctype_isfalse
                0x0000000000000c2c                __ctype_istrue
 .text.libgcc.mul
                0x0000000000000c2e       0x14 /usr/lib/gcc/avr/4.9.2/avr4/libgcc.a(_muluhisi3.o)
                0x0000000000000c2e                __muluhisi3
 .text.libgcc.div
                0x0000000000000c42        0x0 /usr/lib/gcc/avr/4.9.2/avr4/libgcc.a(_muluhisi3.o)
 .text.libgcc   0x0000000000000c42        0x0 /usr/lib/gcc/avr/4.9.2/avr4/libgcc.a(_muluhisi3.o)
 .text.libgcc.prologue
                0x0000000000000c42        0x0 /usr/lib/gcc/avr/4.9.2/avr4/libgcc.a(_muluhisi3.o)
 .text.libgcc.builtins
                0x0000000000000c42        0x0 /usr/lib/gcc/avr/4.9.2/avr4/libgcc.a(_muluhisi3.o)
 .text.libgcc.fmul
                0x0000000000000c42        0x0 /usr/lib/gcc/avr/4.9.2/avr4/libgcc.a(_muluhisi3.o)
 .text.libgcc.fixed
                0x0000000000000c42        0x0 /usr/lib/gcc/avr/4.9.2/avr4/libgcc.a(_muluhisi3.o)
 .text.libgcc.mul
                0x0000000000000c42        0x0 /usr/lib/gcc/avr/4.9.2/avr4/libgcc.a(_prologue.o)
 .text.libgcc.div
                0x0000000000000c42        0x0 /usr/lib/gcc/avr/4.9.2/avr4/libgcc.a(_prologue.o)
 .text.libgcc   0x0000000000000c42        0x0 /usr/lib/gcc/avr/4.9.2/avr4/libgcc.a(_prologue.o)
 .text.libgcc.prologue
                0x0000000000000c42       0x38 /usr/lib/gcc/avr/4.9.2/avr4/libgcc.a(_prologue.o)
                0x0000000000000c42                __prologue_saves__
 .text.libgcc.builtins
                0x0000000000000c7a        0x0 /usr/lib/gcc/avr/4.9.2/avr4/libgcc.a(_prologue.o)
 .text.libgcc.fmul
                0x0000000000000c7a        0x0 /usr/lib/gcc/avr/4.9.2/avr4/libgcc.a(_prologue.o)
 .text.libgcc.fixed
                0x0000000000000c7a        0x0 /usr/lib/gcc/avr/4.9.2/avr4/libgcc.a(_prologue.o)
 .text.libgcc.mul
                0x0000000000000c7a        0x0 /usr/lib/gcc/avr/4.9.2/avr4/libgcc.a(_epilogue.o)
 .text.libgcc.div
                0x0000000000000c7a        0x0 /usr/lib/gcc/avr/4.9.2/avr4/libgcc.a(_epilogue.o)
 .text.libgcc   0x0000000000000c7a        0x0 /usr/lib/gcc/avr/4.9.2/avr4/libgcc.a(_epilogue.o)
 .text.libgcc.prologue
                0x0000000000000c7a       0x36 /usr/lib/gcc/avr/4.9.2/avr4/libgcc.a(_epilogue.o)
                0x0000000000000c7a                __epilogue_restores__
 .text.libgcc.builtins
                0x0000000000000cb0        0x0 /usr/lib/gcc/avr/4.9.2/avr4/libgcc.a(_epilogue.o)
 .text.libgcc.fmul
                0x0000000000000cb0        0x0 /usr/lib/gcc/avr/4.9.2/avr4/libgcc.a(_epilogue.o)
 .text.libgcc.fixed
                0x0000000000000cb0        0x0 /usr/lib/gcc/avr/4.9.2/avr4/libgcc.a(_epilogue.o)
 .text.libgcc.mul
                0x0000000000000cb0       0x18 /usr/lib/gcc/avr/4.9.2/avr4/libgcc.a(_umulhisi3.o)
                0x0000000000000cb0                __umulhisi3
 .text.libgcc.div
                0x0000000000000cc8        0x0 /usr/lib/gcc/avr/4.9.2/avr4/libgcc.a(_umulhisi3.o)
 .text.libgcc   0x0000000000000cc8        0x0 /usr/lib/gcc/avr/4.9.2/avr4/libgcc.a(_umulhisi3.o)
 .text.libgcc.prologue
                0x0000000000000cc8        0x0 /usr/lib/gcc/avr/4.9.2/avr4/libgcc.a(_umulhisi3.o)
 .text.libgcc.builtins
                0x0000000000000cc8        0x0 /usr/lib/gcc/avr/4.9.2/avr4/libgcc.a(_umulhisi3.o)
 .text.libgcc.fmul
                0x0000000000000cc8        0x0 /usr/lib/gcc/avr/4.9.2/avr4/libgcc.a(_umulhisi3.o)
 .text.libgcc.fixed
                0x0000000000000cc8        0x0 /usr/lib/gcc/avr/4.9.2/avr4/libgcc.a(_umulhisi3.o)
                0x0000000000000cc8                . = ALIGN (0x2)
 *(.fini9)
 .fini9         0x0000000000000cc8        0x0 /usr/lib/gcc/avr/4.9.2/avr4/libgcc.a(_exit.o)
                0x0000000000000cc8                exit
                0x0000000000000cc8                _exit
 *(.fini9)
 *(.fini8)
 *(.fini8)
 *(.fini7)
 *(.fini7)
 *(.fini6)
 *(.fini6)
 *(.fini5)
 *(.fini5)
 *(.fini4)
 *(.fini4)
 *(.fini3)
 *(.fini3)
 *(.fini2)
 *(.fini2)
 *(.fini1)
 *(.fini1)
 *(.fini0)
 .fini0         0x0000000000000cc8        0x4 /usr/lib/gcc/avr/4.9.2/avr4/libgcc.a(_exit.o)
 *(.fini0)
                0x0000000000000ccc                _etext = .

.data           0x0000000000800060       0x4c load address 0x0000000000000ccc
                0x0000000000800060                PROVIDE (__data_start, .)
 *(.data)
 .data          0x0000000000800060        0x0 /usr/lib/gcc/avr/4.9.2/../../../avr/lib/avr4/crtatmega8.o
 .data          0x0000000000800060        0x0 obj/Release/fuse.o
 .data          0x0000000000800060       0x45 obj/Release/main.o
                0x0000000000800060                a
                0x0000000000800088                digits
                0x0000000000800094                scP
                0x0000000000800095                screenX
 .data          0x00000000008000a5        0x0 /usr/lib/gcc/avr/4.9.2/avr4/libgcc.a(_exit.o)
 .data          0x00000000008000a5        0x0 /usr/lib/gcc/avr/4.9.2/avr4/libgcc.a(_copy_data.o)
 .data          0x00000000008000a5        0x0 /usr/lib/gcc/avr/4.9.2/avr4/libgcc.a(_clear_bss.o)
 .data          0x00000000008000a5        0x0 /usr/lib/gcc/avr/4.9.2/../../../avr/lib/avr4/libm.a(addsf3.o)
 .data          0x00000000008000a5        0x0 /usr/lib/gcc/avr/4.9.2/../../../avr/lib/avr4/libm.a(addsf3x.o)
 .data          0x00000000008000a5        0x0 /usr/lib/gcc/avr/4.9.2/../../../avr/lib/avr4/libm.a(divsf3.o)
 .data          0x00000000008000a5        0x0 /usr/lib/gcc/avr/4.9.2/../../../avr/lib/avr4/libm.a(divsf3x.o)
 .data          0x00000000008000a5        0x0 /usr/lib/gcc/avr/4.9.2/../../../avr/lib/avr4/libm.a(fp_inf.o)
 .data          0x00000000008000a5        0x0 /usr/lib/gcc/avr/4.9.2/../../../avr/lib/avr4/libm.a(fp_nan.o)
 .data          0x00000000008000a5        0x0 /usr/lib/gcc/avr/4.9.2/../../../avr/lib/avr4/libm.a(fp_pscA.o)
 .data          0x00000000008000a5        0x0 /usr/lib/gcc/avr/4.9.2/../../../avr/lib/avr4/libm.a(fp_pscB.o)
 .data          0x00000000008000a5        0x0 /usr/lib/gcc/avr/4.9.2/../../../avr/lib/avr4/libm.a(fp_round.o)
 .data          0x00000000008000a5        0x0 /usr/lib/gcc/avr/4.9.2/../../../avr/lib/avr4/libm.a(fp_split3.o)
 .data          0x00000000008000a5        0x0 /usr/lib/gcc/avr/4.9.2/../../../avr/lib/avr4/libm.a(fp_zero.o)
 .data          0x00000000008000a5        0x0 /usr/lib/gcc/avr/4.9.2/../../../avr/lib/avr4/libm.a(mulsf3.o)
 .data          0x00000000008000a5        0x0 /usr/lib/gcc/avr/4.9.2/../../../avr/lib/avr4/libm.a(mulsf3x.o)
 .data          0x00000000008000a5        0x0 /usr/lib/gcc/avr/4.9.2/../../../avr/lib/avr4/libc.a(atof.o)
 .data          0x00000000008000a5        0x0 /usr/lib/gcc/avr/4.9.2/../../../avr/lib/avr4/libc.a(strtod.o)
 .data          0x00000000008000a5        0x0 /usr/lib/gcc/avr/4.9.2/../../../avr/lib/avr4/libc.a(isspace.o)
 .data          0x00000000008000a5        0x0 /usr/lib/gcc/avr/4.9.2/../../../avr/lib/avr4/libc.a(strncasecmp_P.o)
 .data          0x00000000008000a5        0x0 /usr/lib/gcc/avr/4.9.2/../../../avr/lib/avr4/libc.a(cmpsf2.o)
 .data          0x00000000008000a5        0x0 /usr/lib/gcc/avr/4.9.2/../../../avr/lib/avr4/libc.a(floatsisf.o)
 .data          0x00000000008000a5        0x0 /usr/lib/gcc/avr/4.9.2/../../../avr/lib/avr4/libc.a(fp_cmp.o)
 .data          0x00000000008000a5        0x0 /usr/lib/gcc/avr/4.9.2/../../../avr/lib/avr4/libc.a(errno.o)
 .data          0x00000000008000a5        0x0 /usr/lib/gcc/avr/4.9.2/../../../avr/lib/avr4/libc.a(cty_isfalse.o)
 .data          0x00000000008000a5        0x0 /usr/lib/gcc/avr/4.9.2/avr4/libgcc.a(_muluhisi3.o)
 .data          0x00000000008000a5        0x0 /usr/lib/gcc/avr/4.9.2/avr4/libgcc.a(_prologue.o)
 .data          0x00000000008000a5        0x0 /usr/lib/gcc/avr/4.9.2/avr4/libgcc.a(_epilogue.o)
 .data          0x00000000008000a5        0x0 /usr/lib/gcc/avr/4.9.2/avr4/libgcc.a(_umulhisi3.o)
 *(.data*)
 *(.rodata)
 *(.rodata*)
 .rodata.str1.1
                0x00000000008000a5        0x6 obj/Release/main.o
 *(.gnu.linkonce.d*)
                0x00000000008000ac                . = ALIGN (0x2)
 *fill*         0x00000000008000ab        0x1 
                0x00000000008000ac                _edata = .
                0x00000000008000ac                PROVIDE (__data_end, .)

.bss            0x00000000008000ac       0x88
                0x00000000008000ac                PROVIDE (__bss_start, .)
 *(.bss)
 .bss           0x00000000008000ac        0x0 /usr/lib/gcc/avr/4.9.2/../../../avr/lib/avr4/crtatmega8.o
 .bss           0x00000000008000ac        0x0 obj/Release/fuse.o
 .bss           0x00000000008000ac       0x1c obj/Release/main.o
                0x00000000008000ac                keyPressed
                0x00000000008000ad                j
                0x00000000008000af                i
                0x00000000008000b1                x1
                0x00000000008000b5                t
                0x00000000008000b9                z
                0x00000000008000bd                y
                0x00000000008000c1                x
                0x00000000008000c5                cmdReady
                0x00000000008000c6                mode
                0x00000000008000c7                pp
 .bss           0x00000000008000c8        0x0 /usr/lib/gcc/avr/4.9.2/avr4/libgcc.a(_exit.o)
 .bss           0x00000000008000c8        0x0 /usr/lib/gcc/avr/4.9.2/avr4/libgcc.a(_copy_data.o)
 .bss           0x00000000008000c8        0x0 /usr/lib/gcc/avr/4.9.2/avr4/libgcc.a(_clear_bss.o)
 .bss           0x00000000008000c8        0x0 /usr/lib/gcc/avr/4.9.2/../../../avr/lib/avr4/libm.a(addsf3.o)
 .bss           0x00000000008000c8        0x0 /usr/lib/gcc/avr/4.9.2/../../../avr/lib/avr4/libm.a(addsf3x.o)
 .bss           0x00000000008000c8        0x0 /usr/lib/gcc/avr/4.9.2/../../../avr/lib/avr4/libm.a(divsf3.o)
 .bss           0x00000000008000c8        0x0 /usr/lib/gcc/avr/4.9.2/../../../avr/lib/avr4/libm.a(divsf3x.o)
 .bss           0x00000000008000c8        0x0 /usr/lib/gcc/avr/4.9.2/../../../avr/lib/avr4/libm.a(fp_inf.o)
 .bss           0x00000000008000c8        0x0 /usr/lib/gcc/avr/4.9.2/../../../avr/lib/avr4/libm.a(fp_nan.o)
 .bss           0x00000000008000c8        0x0 /usr/lib/gcc/avr/4.9.2/../../../avr/lib/avr4/libm.a(fp_pscA.o)
 .bss           0x00000000008000c8        0x0 /usr/lib/gcc/avr/4.9.2/../../../avr/lib/avr4/libm.a(fp_pscB.o)
 .bss           0x00000000008000c8        0x0 /usr/lib/gcc/avr/4.9.2/../../../avr/lib/avr4/libm.a(fp_round.o)
 .bss           0x00000000008000c8        0x0 /usr/lib/gcc/avr/4.9.2/../../../avr/lib/avr4/libm.a(fp_split3.o)
 .bss           0x00000000008000c8        0x0 /usr/lib/gcc/avr/4.9.2/../../../avr/lib/avr4/libm.a(fp_zero.o)
 .bss           0x00000000008000c8        0x0 /usr/lib/gcc/avr/4.9.2/../../../avr/lib/avr4/libm.a(mulsf3.o)
 .bss           0x00000000008000c8        0x0 /usr/lib/gcc/avr/4.9.2/../../../avr/lib/avr4/libm.a(mulsf3x.o)
 .bss           0x00000000008000c8        0x0 /usr/lib/gcc/avr/4.9.2/../../../avr/lib/avr4/libc.a(atof.o)
 .bss           0x00000000008000c8        0x0 /usr/lib/gcc/avr/4.9.2/../../../avr/lib/avr4/libc.a(strtod.o)
 .bss           0x00000000008000c8        0x0 /usr/lib/gcc/avr/4.9.2/../../../avr/lib/avr4/libc.a(isspace.o)
 .bss           0x00000000008000c8        0x0 /usr/lib/gcc/avr/4.9.2/../../../avr/lib/avr4/libc.a(strncasecmp_P.o)
 .bss           0x00000000008000c8        0x0 /usr/lib/gcc/avr/4.9.2/../../../avr/lib/avr4/libc.a(cmpsf2.o)
 .bss           0x00000000008000c8        0x0 /usr/lib/gcc/avr/4.9.2/../../../avr/lib/avr4/libc.a(floatsisf.o)
 .bss           0x00000000008000c8        0x0 /usr/lib/gcc/avr/4.9.2/../../../avr/lib/avr4/libc.a(fp_cmp.o)
 .bss           0x00000000008000c8        0x0 /usr/lib/gcc/avr/4.9.2/../../../avr/lib/avr4/libc.a(errno.o)
 .bss           0x00000000008000c8        0x0 /usr/lib/gcc/avr/4.9.2/../../../avr/lib/avr4/libc.a(cty_isfalse.o)
 .bss           0x00000000008000c8        0x0 /usr/lib/gcc/avr/4.9.2/avr4/libgcc.a(_muluhisi3.o)
 .bss           0x00000000008000c8        0x0 /usr/lib/gcc/avr/4.9.2/avr4/libgcc.a(_prologue.o)
 .bss           0x00000000008000c8        0x0 /usr/lib/gcc/avr/4.9.2/avr4/libgcc.a(_epilogue.o)
 .bss           0x00000000008000c8        0x0 /usr/lib/gcc/avr/4.9.2/avr4/libgcc.a(_umulhisi3.o)
 *(.bss*)
 *(COMMON)
 COMMON         0x00000000008000c8       0x6a obj/Release/main.o
                0x00000000008000c8                lastCmd
                0x00000000008000c9                mem
 COMMON         0x0000000000800132        0x2 /usr/lib/gcc/avr/4.9.2/../../../avr/lib/avr4/libc.a(errno.o)
                0x0000000000800132                errno
                0x0000000000800134                PROVIDE (__bss_end, .)
                0x0000000000000ccc                __data_load_start = LOADADDR (.data)
                0x0000000000000d18                __data_load_end = (__data_load_start + SIZEOF (.data))

.noinit         0x0000000000800134        0x0
                [!provide]                        PROVIDE (__noinit_start, .)
 *(.noinit*)
                [!provide]                        PROVIDE (__noinit_end, .)
                0x0000000000800134                _end = .
                [!provide]                        PROVIDE (__heap_start, .)

.eeprom         0x0000000000810000        0x0
 *(.eeprom*)
                0x0000000000810000                __eeprom_end = .

.fuse           0x0000000000820000        0x2
 *(.fuse)
 .fuse          0x0000000000820000        0x2 obj/Release/fuse.o
                0x0000000000820000                __fuse
 *(.lfuse)
 *(.hfuse)
 *(.efuse)

.lock
 *(.lock*)

.signature
 *(.signature*)

.user_signatures
 *(.user_signatures*)

.stab
 *(.stab)

.stabstr
 *(.stabstr)

.stab.excl
 *(.stab.excl)

.stab.exclstr
 *(.stab.exclstr)

.stab.index
 *(.stab.index)

.stab.indexstr
 *(.stab.indexstr)

.comment        0x0000000000000000       0x11
 *(.comment)
 .comment       0x0000000000000000       0x11 obj/Release/fuse.o
                                         0x12 (size before relaxing)
 .comment       0x0000000000000011       0x12 obj/Release/main.o
 .comment       0x0000000000000011       0x12 /usr/lib/gcc/avr/4.9.2/../../../avr/lib/avr4/libc.a(strtod.o)
 .comment       0x0000000000000011       0x12 /usr/lib/gcc/avr/4.9.2/../../../avr/lib/avr4/libc.a(errno.o)

.note.gnu.avr.deviceinfo
                0x0000000000000000       0x3c
 .note.gnu.avr.deviceinfo
                0x0000000000000000       0x3c /usr/lib/gcc/avr/4.9.2/../../../avr/lib/avr4/crtatmega8.o

.note.gnu.build-id
 *(.note.gnu.build-id)

.debug
 *(.debug)

.line
 *(.line)

.debug_srcinfo
 *(.debug_srcinfo)

.debug_sfnames
 *(.debug_sfnames)

.debug_aranges
 *(.debug_aranges)

.debug_pubnames
 *(.debug_pubnames)

.debug_info
 *(.debug_info .gnu.linkonce.wi.*)

.debug_abbrev
 *(.debug_abbrev)

.debug_line
 *(.debug_line .debug_line.* .debug_line_end)

.debug_frame
 *(.debug_frame)

.debug_str
 *(.debug_str)

.debug_loc
 *(.debug_loc)

.debug_macinfo
 *(.debug_macinfo)

.debug_weaknames
 *(.debug_weaknames)

.debug_funcnames
 *(.debug_funcnames)

.debug_typenames
 *(.debug_typenames)

.debug_varnames
 *(.debug_varnames)

.debug_pubtypes
 *(.debug_pubtypes)

.debug_ranges
 *(.debug_ranges)

.debug_macro
 *(.debug_macro)
OUTPUT(bin/Release/mk61emu.elf elf32-avr)
LOAD linker stubs

Cross Reference Table

Symbol                                            File
__addsf3                                          /usr/lib/gcc/avr/4.9.2/../../../avr/lib/avr4/libm.a(addsf3.o)
                                                  obj/Release/main.o
__addsf3x                                         /usr/lib/gcc/avr/4.9.2/../../../avr/lib/avr4/libm.a(addsf3x.o)
                                                  /usr/lib/gcc/avr/4.9.2/../../../avr/lib/avr4/libm.a(addsf3.o)
__bad_interrupt                                   /usr/lib/gcc/avr/4.9.2/../../../avr/lib/avr4/crtatmega8.o
__bss_end                                         /usr/lib/gcc/avr/4.9.2/avr4/libgcc.a(_clear_bss.o)
__bss_start                                       /usr/lib/gcc/avr/4.9.2/avr4/libgcc.a(_clear_bss.o)
__cmpsf2                                          /usr/lib/gcc/avr/4.9.2/../../../avr/lib/avr4/libc.a(cmpsf2.o)
__ctype_isfalse                                   /usr/lib/gcc/avr/4.9.2/../../../avr/lib/avr4/libc.a(cty_isfalse.o)
                                                  /usr/lib/gcc/avr/4.9.2/../../../avr/lib/avr4/libc.a(isspace.o)
__ctype_istrue                                    /usr/lib/gcc/avr/4.9.2/../../../avr/lib/avr4/libc.a(cty_isfalse.o)
__data_end                                        /usr/lib/gcc/avr/4.9.2/avr4/libgcc.a(_copy_data.o)
__data_load_start                                 /usr/lib/gcc/avr/4.9.2/avr4/libgcc.a(_copy_data.o)
__data_start                                      /usr/lib/gcc/avr/4.9.2/avr4/libgcc.a(_copy_data.o)
__divsf3                                          /usr/lib/gcc/avr/4.9.2/../../../avr/lib/avr4/libm.a(divsf3.o)
                                                  obj/Release/main.o
__divsf3_pse                                      /usr/lib/gcc/avr/4.9.2/../../../avr/lib/avr4/libm.a(divsf3x.o)
__divsf3x                                         /usr/lib/gcc/avr/4.9.2/../../../avr/lib/avr4/libm.a(divsf3x.o)
                                                  /usr/lib/gcc/avr/4.9.2/../../../avr/lib/avr4/libm.a(divsf3.o)
__do_clear_bss                                    /usr/lib/gcc/avr/4.9.2/avr4/libgcc.a(_clear_bss.o)
                                                  /usr/lib/gcc/avr/4.9.2/../../../avr/lib/avr4/libc.a(errno.o)
                                                  obj/Release/main.o
__do_copy_data                                    /usr/lib/gcc/avr/4.9.2/avr4/libgcc.a(_copy_data.o)
                                                  obj/Release/main.o
__epilogue_restores__                             /usr/lib/gcc/avr/4.9.2/avr4/libgcc.a(_epilogue.o)
                                                  /usr/lib/gcc/avr/4.9.2/../../../avr/lib/avr4/libc.a(strtod.o)
__eqsf2                                           /usr/lib/gcc/avr/4.9.2/../../../avr/lib/avr4/libc.a(cmpsf2.o)
                                                  /usr/lib/gcc/avr/4.9.2/../../../avr/lib/avr4/libc.a(strtod.o)
__floatsisf                                       /usr/lib/gcc/avr/4.9.2/../../../avr/lib/avr4/libc.a(floatsisf.o)
__floatunsisf                                     /usr/lib/gcc/avr/4.9.2/../../../avr/lib/avr4/libc.a(floatsisf.o)
                                                  /usr/lib/gcc/avr/4.9.2/../../../avr/lib/avr4/libc.a(strtod.o)
__fp_cmp                                          /usr/lib/gcc/avr/4.9.2/../../../avr/lib/avr4/libc.a(fp_cmp.o)
                                                  /usr/lib/gcc/avr/4.9.2/../../../avr/lib/avr4/libc.a(cmpsf2.o)
__fp_inf                                          /usr/lib/gcc/avr/4.9.2/../../../avr/lib/avr4/libm.a(fp_inf.o)
                                                  /usr/lib/gcc/avr/4.9.2/../../../avr/lib/avr4/libm.a(mulsf3x.o)
                                                  /usr/lib/gcc/avr/4.9.2/../../../avr/lib/avr4/libm.a(divsf3x.o)
                                                  /usr/lib/gcc/avr/4.9.2/../../../avr/lib/avr4/libm.a(addsf3x.o)
__fp_nan                                          /usr/lib/gcc/avr/4.9.2/../../../avr/lib/avr4/libm.a(fp_nan.o)
                                                  /usr/lib/gcc/avr/4.9.2/../../../avr/lib/avr4/libm.a(mulsf3x.o)
                                                  /usr/lib/gcc/avr/4.9.2/../../../avr/lib/avr4/libm.a(divsf3x.o)
                                                  /usr/lib/gcc/avr/4.9.2/../../../avr/lib/avr4/libm.a(addsf3x.o)
__fp_pscA                                         /usr/lib/gcc/avr/4.9.2/../../../avr/lib/avr4/libm.a(fp_pscA.o)
                                                  /usr/lib/gcc/avr/4.9.2/../../../avr/lib/avr4/libm.a(mulsf3x.o)
                                                  /usr/lib/gcc/avr/4.9.2/../../../avr/lib/avr4/libm.a(divsf3x.o)
                                                  /usr/lib/gcc/avr/4.9.2/../../../avr/lib/avr4/libm.a(addsf3x.o)
__fp_pscB                                         /usr/lib/gcc/avr/4.9.2/../../../avr/lib/avr4/libm.a(fp_pscB.o)
                                                  /usr/lib/gcc/avr/4.9.2/../../../avr/lib/avr4/libm.a(mulsf3x.o)
                                                  /usr/lib/gcc/avr/4.9.2/../../../avr/lib/avr4/libm.a(divsf3x.o)
                                                  /usr/lib/gcc/avr/4.9.2/../../../avr/lib/avr4/libm.a(addsf3x.o)
__fp_round                                        /usr/lib/gcc/avr/4.9.2/../../../avr/lib/avr4/libm.a(fp_round.o)
                                                  /usr/lib/gcc/avr/4.9.2/../../../avr/lib/avr4/libm.a(mulsf3.o)
                                                  /usr/lib/gcc/avr/4.9.2/../../../avr/lib/avr4/libm.a(divsf3.o)
                                                  /usr/lib/gcc/avr/4.9.2/../../../avr/lib/avr4/libm.a(addsf3.o)
__fp_split3                                       /usr/lib/gcc/avr/4.9.2/../../../avr/lib/avr4/libm.a(fp_split3.o)
                                                  /usr/lib/gcc/avr/4.9.2/../../../avr/lib/avr4/libm.a(mulsf3x.o)
                                                  /usr/lib/gcc/avr/4.9.2/../../../avr/lib/avr4/libm.a(divsf3x.o)
                                                  /usr/lib/gcc/avr/4.9.2/../../../avr/lib/avr4/libm.a(addsf3x.o)
__fp_splitA                                       /usr/lib/gcc/avr/4.9.2/../../../avr/lib/avr4/libm.a(fp_split3.o)
__fp_szero                                        /usr/lib/gcc/avr/4.9.2/../../../avr/lib/avr4/libm.a(fp_zero.o)
                                                  /usr/lib/gcc/avr/4.9.2/../../../avr/lib/avr4/libm.a(mulsf3x.o)
                                                  /usr/lib/gcc/avr/4.9.2/../../../avr/lib/avr4/libm.a(divsf3x.o)
__fp_zero                                         /usr/lib/gcc/avr/4.9.2/../../../avr/lib/avr4/libm.a(fp_zero.o)
                                                  /usr/lib/gcc/avr/4.9.2/../../../avr/lib/avr4/libm.a(addsf3x.o)
__fuse                                            obj/Release/fuse.o
__heap_end                                        /usr/lib/gcc/avr/4.9.2/../../../avr/lib/avr4/crtatmega8.o
__init                                            /usr/lib/gcc/avr/4.9.2/../../../avr/lib/avr4/crtatmega8.o
__lesf2                                           /usr/lib/gcc/avr/4.9.2/../../../avr/lib/avr4/libc.a(cmpsf2.o)
__ltsf2                                           /usr/lib/gcc/avr/4.9.2/../../../avr/lib/avr4/libc.a(cmpsf2.o)
__mulsf3                                          /usr/lib/gcc/avr/4.9.2/../../../avr/lib/avr4/libm.a(mulsf3.o)
                                                  /usr/lib/gcc/avr/4.9.2/../../../avr/lib/avr4/libc.a(strtod.o)
                                                  obj/Release/main.o
__mulsf3_pse                                      /usr/lib/gcc/avr/4.9.2/../../../avr/lib/avr4/libm.a(mulsf3x.o)
__mulsf3x                                         /usr/lib/gcc/avr/4.9.2/../../../avr/lib/avr4/libm.a(mulsf3x.o)
                                                  /usr/lib/gcc/avr/4.9.2/../../../avr/lib/avr4/libm.a(mulsf3.o)
__muluhisi3                                       /usr/lib/gcc/avr/4.9.2/avr4/libgcc.a(_muluhisi3.o)
                                                  /usr/lib/gcc/avr/4.9.2/../../../avr/lib/avr4/libc.a(strtod.o)
__nesf2                                           /usr/lib/gcc/avr/4.9.2/../../../avr/lib/avr4/libc.a(cmpsf2.o)
                                                  /usr/lib/gcc/avr/4.9.2/../../../avr/lib/avr4/libc.a(strtod.o)
__prologue_saves__                                /usr/lib/gcc/avr/4.9.2/avr4/libgcc.a(_prologue.o)
                                                  /usr/lib/gcc/avr/4.9.2/../../../avr/lib/avr4/libc.a(strtod.o)
__stack                                           /usr/lib/gcc/avr/4.9.2/../../../avr/lib/avr4/crtatmega8.o
__subsf3                                          /usr/lib/gcc/avr/4.9.2/../../../avr/lib/avr4/libm.a(addsf3.o)
                                                  obj/Release/main.o
__umulhisi3                                       /usr/lib/gcc/avr/4.9.2/avr4/libgcc.a(_umulhisi3.o)
                                                  /usr/lib/gcc/avr/4.9.2/avr4/libgcc.a(_muluhisi3.o)
__vector_1                                        /usr/lib/gcc/avr/4.9.2/../../../avr/lib/avr4/crtatmega8.o
__vector_10                                       /usr/lib/gcc/avr/4.9.2/../../../avr/lib/avr4/crtatmega8.o
__vector_11                                       /usr/lib/gcc/avr/4.9.2/../../../avr/lib/avr4/crtatmega8.o
__vector_12                                       /usr/lib/gcc/avr/4.9.2/../../../avr/lib/avr4/crtatmega8.o
__vector_13                                       /usr/lib/gcc/avr/4.9.2/../../../avr/lib/avr4/crtatmega8.o
__vector_14                                       /usr/lib/gcc/avr/4.9.2/../../../avr/lib/avr4/crtatmega8.o
__vector_15                                       /usr/lib/gcc/avr/4.9.2/../../../avr/lib/avr4/crtatmega8.o
__vector_16                                       /usr/lib/gcc/avr/4.9.2/../../../avr/lib/avr4/crtatmega8.o
__vector_17                                       /usr/lib/gcc/avr/4.9.2/../../../avr/lib/avr4/crtatmega8.o
__vector_18                                       /usr/lib/gcc/avr/4.9.2/../../../avr/lib/avr4/crtatmega8.o
__vector_2                                        /usr/lib/gcc/avr/4.9.2/../../../avr/lib/avr4/crtatmega8.o
__vector_3                                        /usr/lib/gcc/avr/4.9.2/../../../avr/lib/avr4/crtatmega8.o
__vector_4                                        /usr/lib/gcc/avr/4.9.2/../../../avr/lib/avr4/crtatmega8.o
__vector_5                                        /usr/lib/gcc/avr/4.9.2/../../../avr/lib/avr4/crtatmega8.o
__vector_6                                        obj/Release/main.o
                                                  /usr/lib/gcc/avr/4.9.2/../../../avr/lib/avr4/crtatmega8.o
__vector_7                                        /usr/lib/gcc/avr/4.9.2/../../../avr/lib/avr4/crtatmega8.o
__vector_8                                        /usr/lib/gcc/avr/4.9.2/../../../avr/lib/avr4/crtatmega8.o
__vector_9                                        /usr/lib/gcc/avr/4.9.2/../../../avr/lib/avr4/crtatmega8.o
__vector_default                                  /usr/lib/gcc/avr/4.9.2/../../../avr/lib/avr4/crtatmega8.o
__vectors                                         /usr/lib/gcc/avr/4.9.2/../../../avr/lib/avr4/crtatmega8.o
_exit                                             /usr/lib/gcc/avr/4.9.2/avr4/libgcc.a(_exit.o)
a                                                 obj/Release/main.o
addDigitToX                                       obj/Release/main.o
atof                                              /usr/lib/gcc/avr/4.9.2/../../../avr/lib/avr4/libc.a(atof.o)
                                                  obj/Release/main.o
cmdReady                                          obj/Release/main.o
digits                                            obj/Release/main.o
errno                                             /usr/lib/gcc/avr/4.9.2/../../../avr/lib/avr4/libc.a(errno.o)
                                                  /usr/lib/gcc/avr/4.9.2/../../../avr/lib/avr4/libc.a(strtod.o)
execOne                                           obj/Release/main.o
exit                                              /usr/lib/gcc/avr/4.9.2/avr4/libgcc.a(_exit.o)
                                                  /usr/lib/gcc/avr/4.9.2/../../../avr/lib/avr4/crtatmega8.o
i                                                 obj/Release/main.o
isspace                                           /usr/lib/gcc/avr/4.9.2/../../../avr/lib/avr4/libc.a(isspace.o)
                                                  /usr/lib/gcc/avr/4.9.2/../../../avr/lib/avr4/libc.a(strtod.o)
j                                                 obj/Release/main.o
kb_scan                                           obj/Release/main.o
keyPressed                                        obj/Release/main.o
lastCmd                                           obj/Release/main.o
loop                                              obj/Release/main.o
main                                              obj/Release/main.o
                                                  /usr/lib/gcc/avr/4.9.2/../../../avr/lib/avr4/crtatmega8.o
mem                                               obj/Release/main.o
mode                                              obj/Release/main.o
pp                                                obj/Release/main.o
runner                                            obj/Release/main.o
sCycle                                            obj/Release/main.o
sOp                                               obj/Release/main.o
sPush                                             obj/Release/main.o
scP                                               obj/Release/main.o
screenX                                           obj/Release/main.o
serialShowStatus                                  obj/Release/main.o
setup                                             obj/Release/main.o
show                                              obj/Release/main.o
storeOne                                          obj/Release/main.o
strncasecmp_P                                     /usr/lib/gcc/avr/4.9.2/../../../avr/lib/avr4/libc.a(strncasecmp_P.o)
                                                  /usr/lib/gcc/avr/4.9.2/../../../avr/lib/avr4/libc.a(strtod.o)
strtod                                            /usr/lib/gcc/avr/4.9.2/../../../avr/lib/avr4/libc.a(strtod.o)
                                                  /usr/lib/gcc/avr/4.9.2/../../../avr/lib/avr4/libc.a(atof.o)
t                                                 obj/Release/main.o
writeSerial                                       obj/Release/main.o
x                                                 obj/Release/main.o
x1                                                obj/Release/main.o
y                                                 obj/Release/main.o
z                                                 obj/Release/main.o
