eeschema (22-Jun-2014 BZR 4027)-stable  >> Creation date: Вт 17 янв 2017 14:08:23
#Cmp ( order = Reference ) (with SubCmp)
| IC1        ATMEGA8-P                       Loc /(X=140,970 мм, Y=92,710 мм); DIL28       ;             ;             ;             ;             ;             ;             ;             ;             ;             
| K1         CONN_3                          Loc /(X=187,554 мм, Y=99,212 мм);             ;             ;             ;             ;             ;             ;             ;             ;             ;             
| P1         CONN_4                          Loc /(X=187,503 мм, Y=88,443 мм);             ;             ;             ;             ;             ;             ;             ;             ;             ;             
| R1         680                             Loc /(X=35,560 мм, Y=144,780 мм);             ;             ;             ;             ;             ;             ;             ;             ;             ;             
| R2         680                             Loc /(X=35,560 мм, Y=154,940 мм);             ;             ;             ;             ;             ;             ;             ;             ;             ;             
| R3         680                             Loc /(X=35,560 мм, Y=165,100 мм);             ;             ;             ;             ;             ;             ;             ;             ;             ;             
| R4         680                             Loc /(X=35,560 мм, Y=175,260 мм);             ;             ;             ;             ;             ;             ;             ;             ;             ;             
| SW1        ON/OFF                          Loc /(X=48,260 мм, Y=149,860 мм);             ;             ;             ;             ;             ;             ;             ;             ;             ;             
| SW2        0                               Loc /(X=48,260 мм, Y=160,020 мм);             ;             ; 42H         ;             ;             ;             ;             ;             ;             ;             
| SW3        +                               Loc /(X=48,260 мм, Y=170,180 мм);             ;             ; 82H         ;             ;             ;             ;             ;             ;             ;             
| SW4        S/S                             Loc /(X=48,260 мм, Y=180,340 мм);             ;             ; 22H         ;             ;             ;             ;             ;             ;             ;             
| SW5        LFT                             Loc /(X=60,960 мм, Y=149,860 мм);             ;             ;             ;             ;             ;             ;             ;             ;             ;             
| SW6        1                               Loc /(X=60,960 мм, Y=160,020 мм);             ;             ; 43H         ;             ;             ;             ;             ;             ;             ;             
| SW7        -                               Loc /(X=60,960 мм, Y=170,180 мм);             ;             ; 83H         ;             ;             ;             ;             ;             ;             ;             
| SW8        GOTO                            Loc /(X=60,960 мм, Y=180,340 мм);             ;             ; 23H         ;             ;             ;             ;             ;             ;             ;             
| SW9        RGT                             Loc /(X=72,390 мм, Y=149,860 мм);             ;             ;             ;             ;             ;             ;             ;             ;             ;             
| SW10       2                               Loc /(X=72,390 мм, Y=160,020 мм);             ;             ; 44H         ;             ;             ;             ;             ;             ;             ;             
| SW11       X                               Loc /(X=72,390 мм, Y=170,180 мм);             ;             ; 84H         ;             ;             ;             ;             ;             ;             ;             
| SW12       RET                             Loc /(X=72,390 мм, Y=180,340 мм);             ;             ; 24H         ;             ;             ;             ;             ;             ;             ;             
| SW13       SAVE                            Loc /(X=85,090 мм, Y=149,860 мм);             ;             ;             ;             ;             ;             ;             ;             ;             ;             
| SW14       3                               Loc /(X=85,090 мм, Y=160,020 мм);             ;             ; 4AH         ;             ;             ;             ;             ;             ;             ;             
| SW15       3                               Loc /(X=85,090 мм, Y=170,180 мм);             ;             ; 8A          ;             ;             ;             ;             ;             ;             ;             
| SW16       SUB                             Loc /(X=85,090 мм, Y=180,340 мм);             ;             ; 2AH         ;             ;             ;             ;             ;             ;             ;             
| SW17       LOAD                            Loc /(X=97,790 мм, Y=149,860 мм);             ;             ;             ;             ;             ;             ;             ;             ;             ;             
| SW18       4                               Loc /(X=97,790 мм, Y=160,020 мм);             ;             ; 45H         ;             ;             ;             ;             ;             ;             ;             
| SW19       XY                              Loc /(X=97,790 мм, Y=170,180 мм);             ;             ; 85H         ;             ;             ;             ;             ;             ;             ;             
| SW20       STORE                           Loc /(X=97,790 мм, Y=180,340 мм);             ;             ; 25H         ;             ;             ;             ;             ;             ;             ;             
| SW21       5                               Loc /(X=110,490 мм, Y=160,020 мм);             ;             ; 46H         ;             ;             ;             ;             ;             ;             ;             
| SW22       ,                               Loc /(X=110,490 мм, Y=170,180 мм);             ;             ; 86H         ;             ;             ;             ;             ;             ;             ;             
| SW23       STEP>                           Loc /(X=110,490 мм, Y=180,340 мм);             ;             ; 26H         ;             ;             ;             ;             ;             ;             ;             
| SW24       6                               Loc /(X=121,920 мм, Y=160,020 мм);             ;             ; 47H         ;             ;             ;             ;             ;             ;             ;             
| SW25       /-/                             Loc /(X=121,920 мм, Y=170,180 мм);             ;             ; 87H         ;             ;             ;             ;             ;             ;             ;             
| SW26       LOAD                            Loc /(X=121,920 мм, Y=180,340 мм);             ;             ; 27H         ;             ;             ;             ;             ;             ;             ;             
| SW27       7                               Loc /(X=134,620 мм, Y=160,020 мм);             ;             ; 48H         ;             ;             ;             ;             ;             ;             ;             
| SW28       POW                             Loc /(X=134,620 мм, Y=170,180 мм);             ;             ; 88H         ;             ;             ;             ;             ;             ;             ;             
| SW29       <STEP                           Loc /(X=134,620 мм, Y=180,340 мм);             ;             ; 28H         ;             ;             ;             ;             ;             ;             ;             
| SW30       8                               Loc /(X=146,050 мм, Y=160,020 мм);             ;             ; 49H         ;             ;             ;             ;             ;             ;             ;             
| SW31       Cx                              Loc /(X=146,050 мм, Y=170,180 мм);             ;             ; 89H         ;             ;             ;             ;             ;             ;             ;             
| SW32       K                               Loc /(X=146,050 мм, Y=180,340 мм);             ;             ; 29H         ;             ;             ;             ;             ;             ;             ;             
| SW33       9                               Loc /(X=158,750 мм, Y=160,020 мм);             ;             ; 41H         ;             ;             ;             ;             ;             ;             ;             
| SW34       Bx                              Loc /(X=158,750 мм, Y=170,180 мм);             ;             ; 81H         ;             ;             ;             ;             ;             ;             ;             
| SW35       F                               Loc /(X=158,750 мм, Y=180,340 мм);             ;             ; 21H         ;             ;             ;             ;             ;             ;             ;             
| SW36       SW_PUSH     ~                   Loc /(X=83,312 мм, Y=64,770 мм); ~           ; ~           ;             ;             ;             ;             ;             ;             ;             ;             
#End Cmp

#Cmp ( order = Value ) (with SubCmp)
| ATMEGA8-P    IC1       Loc /(X=140,970 мм, Y=92,710 мм); DIL28       ;             ;             ;             ;             ;             ;             ;             ;             ;             
| CONN_3       K1        Loc /(X=187,554 мм, Y=99,212 мм);             ;             ;             ;             ;             ;             ;             ;             ;             ;             
| CONN_4       P1        Loc /(X=187,503 мм, Y=88,443 мм);             ;             ;             ;             ;             ;             ;             ;             ;             ;             
| 680          R1        Loc /(X=35,560 мм, Y=144,780 мм);             ;             ;             ;             ;             ;             ;             ;             ;             ;             
| 680          R2        Loc /(X=35,560 мм, Y=154,940 мм);             ;             ;             ;             ;             ;             ;             ;             ;             ;             
| 680          R3        Loc /(X=35,560 мм, Y=165,100 мм);             ;             ;             ;             ;             ;             ;             ;             ;             ;             
| 680          R4        Loc /(X=35,560 мм, Y=175,260 мм);             ;             ;             ;             ;             ;             ;             ;             ;             ;             
| 0            SW2       Loc /(X=48,260 мм, Y=160,020 мм);             ;             ; 42H         ;             ;             ;             ;             ;             ;             ;             
| 1            SW6       Loc /(X=60,960 мм, Y=160,020 мм);             ;             ; 43H         ;             ;             ;             ;             ;             ;             ;             
| 2            SW10      Loc /(X=72,390 мм, Y=160,020 мм);             ;             ; 44H         ;             ;             ;             ;             ;             ;             ;             
| 3            SW14      Loc /(X=85,090 мм, Y=160,020 мм);             ;             ; 4AH         ;             ;             ;             ;             ;             ;             ;             
| 3            SW15      Loc /(X=85,090 мм, Y=170,180 мм);             ;             ; 8A          ;             ;             ;             ;             ;             ;             ;             
| 4            SW18      Loc /(X=97,790 мм, Y=160,020 мм);             ;             ; 45H         ;             ;             ;             ;             ;             ;             ;             
| 5            SW21      Loc /(X=110,490 мм, Y=160,020 мм);             ;             ; 46H         ;             ;             ;             ;             ;             ;             ;             
| 6            SW24      Loc /(X=121,920 мм, Y=160,020 мм);             ;             ; 47H         ;             ;             ;             ;             ;             ;             ;             
| 7            SW27      Loc /(X=134,620 мм, Y=160,020 мм);             ;             ; 48H         ;             ;             ;             ;             ;             ;             ;             
| 8            SW30      Loc /(X=146,050 мм, Y=160,020 мм);             ;             ; 49H         ;             ;             ;             ;             ;             ;             ;             
| 9            SW33      Loc /(X=158,750 мм, Y=160,020 мм);             ;             ; 41H         ;             ;             ;             ;             ;             ;             ;             
| ON/OFF       SW1       Loc /(X=48,260 мм, Y=149,860 мм);             ;             ;             ;             ;             ;             ;             ;             ;             ;             
| +            SW3       Loc /(X=48,260 мм, Y=170,180 мм);             ;             ; 82H         ;             ;             ;             ;             ;             ;             ;             
| S/S          SW4       Loc /(X=48,260 мм, Y=180,340 мм);             ;             ; 22H         ;             ;             ;             ;             ;             ;             ;             
| LFT          SW5       Loc /(X=60,960 мм, Y=149,860 мм);             ;             ;             ;             ;             ;             ;             ;             ;             ;             
| -            SW7       Loc /(X=60,960 мм, Y=170,180 мм);             ;             ; 83H         ;             ;             ;             ;             ;             ;             ;             
| GOTO         SW8       Loc /(X=60,960 мм, Y=180,340 мм);             ;             ; 23H         ;             ;             ;             ;             ;             ;             ;             
| RGT          SW9       Loc /(X=72,390 мм, Y=149,860 мм);             ;             ;             ;             ;             ;             ;             ;             ;             ;             
| X            SW11      Loc /(X=72,390 мм, Y=170,180 мм);             ;             ; 84H         ;             ;             ;             ;             ;             ;             ;             
| RET          SW12      Loc /(X=72,390 мм, Y=180,340 мм);             ;             ; 24H         ;             ;             ;             ;             ;             ;             ;             
| SAVE         SW13      Loc /(X=85,090 мм, Y=149,860 мм);             ;             ;             ;             ;             ;             ;             ;             ;             ;             
| SUB          SW16      Loc /(X=85,090 мм, Y=180,340 мм);             ;             ; 2AH         ;             ;             ;             ;             ;             ;             ;             
| LOAD         SW17      Loc /(X=97,790 мм, Y=149,860 мм);             ;             ;             ;             ;             ;             ;             ;             ;             ;             
| XY           SW19      Loc /(X=97,790 мм, Y=170,180 мм);             ;             ; 85H         ;             ;             ;             ;             ;             ;             ;             
| STORE        SW20      Loc /(X=97,790 мм, Y=180,340 мм);             ;             ; 25H         ;             ;             ;             ;             ;             ;             ;             
| ,            SW22      Loc /(X=110,490 мм, Y=170,180 мм);             ;             ; 86H         ;             ;             ;             ;             ;             ;             ;             
| STEP>        SW23      Loc /(X=110,490 мм, Y=180,340 мм);             ;             ; 26H         ;             ;             ;             ;             ;             ;             ;             
| /-/          SW25      Loc /(X=121,920 мм, Y=170,180 мм);             ;             ; 87H         ;             ;             ;             ;             ;             ;             ;             
| LOAD         SW26      Loc /(X=121,920 мм, Y=180,340 мм);             ;             ; 27H         ;             ;             ;             ;             ;             ;             ;             
| POW          SW28      Loc /(X=134,620 мм, Y=170,180 мм);             ;             ; 88H         ;             ;             ;             ;             ;             ;             ;             
| <STEP        SW29      Loc /(X=134,620 мм, Y=180,340 мм);             ;             ; 28H         ;             ;             ;             ;             ;             ;             ;             
| Cx           SW31      Loc /(X=146,050 мм, Y=170,180 мм);             ;             ; 89H         ;             ;             ;             ;             ;             ;             ;             
| K            SW32      Loc /(X=146,050 мм, Y=180,340 мм);             ;             ; 29H         ;             ;             ;             ;             ;             ;             ;             
| Bx           SW34      Loc /(X=158,750 мм, Y=170,180 мм);             ;             ; 81H         ;             ;             ;             ;             ;             ;             ;             
| F            SW35      Loc /(X=158,750 мм, Y=180,340 мм);             ;             ; 21H         ;             ;             ;             ;             ;             ;             ;             
| SW_PUSH      SW36      Loc /(X=83,312 мм, Y=64,770 мм); ~           ; ~           ;             ;             ;             ;             ;             ;             ;             ;             
#End Cmp

#Global, Hierarchical Labels and PinSheets ( order = Sheet Number ) count = 0
#End labels

#Global, Hierarchical Labels and PinSheets ( order = Alphab. ) count = 0

#End labels

#End List
